<?xml version="1.0" encoding="UTF-8"?>
<testsuites name="jest tests" tests="12" failures="0" errors="0" time="2.623">
  <testsuite name="ReportsService" errors="0" failures="0" skipped="0" timestamp="2025-12-27T16:14:44" time="2.515" tests="12">
    <testcase classname="ReportsService › findAllExpense" name="combines pengeluaran and kegiatan rows sorted by date" time="0.011">
    </testcase>
    <testcase classname="ReportsService › findAllExpense" name="throws HttpException when pengeluaran query errors" time="0.06">
    </testcase>
    <testcase classname="ReportsService › findOneExpense" name="returns pengeluaran when found" time="0.003">
    </testcase>
    <testcase classname="ReportsService › findOneExpense" name="falls back to kegiatan when pengeluaran not found" time="0.002">
    </testcase>
    <testcase classname="ReportsService › findOneExpense" name="throws 404 when not found" time="0.003">
    </testcase>
    <testcase classname="ReportsService › findAllIncome" name="returns combined tagihan and non-iuran with kategori mapping" time="0.005">
    </testcase>
    <testcase classname="ReportsService › findAllIncome" name="throws HttpException when kategori query errors" time="0.003">
    </testcase>
    <testcase classname="ReportsService › findOneIncome" name="returns tagihan when found" time="0.006">
    </testcase>
    <testcase classname="ReportsService › findOneIncome" name="falls back to non-iuran when tagihan not found" time="0.002">
    </testcase>
    <testcase classname="ReportsService › findOneIncome" name="throws 404 when neither found" time="0.002">
    </testcase>
    <testcase classname="ReportsService › generatePdfReport" name="produces a Buffer for type all" time="0.022">
    </testcase>
    <testcase classname="ReportsService › generatePdfReport" name="throws HttpException when kategori query errors" time="0.001">
    </testcase>
  </testsuite>
</testsuites>